I'm sorry, but errors were detected in your script. Please correct the
errors listed below, and try again.


File "game/script.rpy", line 709: Line is followed by a block, despite not being a menu choice. Did you forget a colon at the end of the line?
    "Moo"
         ^

File "game/script.rpy", line 733: Line is followed by a block, despite not being a menu choice. Did you forget a colon at the end of the line?
    "pupkim"
            ^

File "game/script.rpy", line 771: Line is followed by a block, despite not being a menu choice. Did you forget a colon at the end of the line?
    "vegetaibol"
                ^

File "game/script.rpy", line 802: Line is followed by a block, despite not being a menu choice. Did you forget a colon at the end of the line?
    "mango"
           ^

Ren'Py Version: Ren'Py 8.0.3.22090809
Fri May 12 11:49:51 2023
